172.16.0.60 - - [30/Jun/2025:16:21:07 +0300] "GET /products HTTP/1.1" 404 6571 "https://www.google.com/" "Mozilla/5.0 (Windows NT 10.0; Win64; x64) AppleWebKit/537.36 (KHTML, like Gecko) Chrome/91.0.4472.124 Safari/537.36"
198.51.100.153 - - [30/Jun/2025:16:21:22 +0300] "GET /api/products HTTP/1.1" 200 15796 "https://www.bing.com/" "Mozilla/5.0 (iPhone; CPU iPhone OS 14_6 like Mac OS X) AppleWebKit/605.1.15 (KHTML, like Gecko) Version/14.0 Mobile/15E148 Safari/604.1"
192.168.1.98 - - [30/Jun/2025:16:21:35 +0300] "GET /contact HTTP/1.1" 200 2990 "https://www.google.com/" "Mozilla/5.0 (Macintosh; Intel Mac OS X 10_15_7) AppleWebKit/537.36 (KHTML, like Gecko) Chrome/91.0.4472.124 Safari/537.36"
185.220.101.42 - - [30/Jun/2025:16:21:42 +0300] "GET /admin/login.php?username=admin'OR'1=1-- HTTP/1.1" 403 814 "-" "sqlmap/1.5.2"
185.220.101.42 - - [30/Jun/2025:16:22:05 +0300] "POST /admin/login.php?username=admin'OR'1=1-- HTTP/1.1" 404 4202 "-" "nmap-nse"
203.0.113.2 - - [30/Jun/2025:16:22:16 +0300] "GET /blog HTTP/1.1" 200 16979 "https://www.google.com/" "Mozilla/5.0 (Macintosh; Intel Mac OS X 10_15_7) AppleWebKit/537.36 (KHTML, like Gecko) Chrome/91.0.4472.124 Safari/537.36"
203.0.113.195 - - [30/Jun/2025:16:22:26 +0300] "GET /login.php?redirect=javascript:alert(1) HTTP/1.1" 403 2602 "-" "nmap-nse"
203.0.113.195 - - [30/Jun/2025:16:22:59 +0300] "GET /../../../etc/passwd HTTP/1.1" 404 1392 "-" "a"
203.0.113.195 - - [30/Jun/2025:16:23:24 +0300] "POST /etc/passwd HTTP/1.1" 403 1279 "-" "sqlmap/1.5.2"
185.220.101.42 - - [30/Jun/2025:16:23:36 +0300] "GET /login.php?redirect=javascript:alert(1) HTTP/1.1" 404 550 "-" "a"
185.220.101.42 - - [30/Jun/2025:16:23:37 +0300] "GET /admin/config.php HTTP/1.1" 404 1599 "-" "nikto/2.1.6"
185.220.101.42 - - [30/Jun/2025:16:24:08 +0300] "GET /.env HTTP/1.1" 500 3849 "-" "nmap-nse"
45.142.213.33 - - [30/Jun/2025:16:24:25 +0300] "GET /wp-admin/admin-ajax.php HTTP/1.1" 403 2240 "-" "sqlmap/1.5.2"
45.142.213.33 - - [30/Jun/2025:16:24:42 +0300] "GET /admin/login.php?username=admin'OR'1=1-- HTTP/1.1" 404 3151 "-" "sqlmap/1.5.2"
185.220.101.42 - - [30/Jun/2025:16:24:47 +0300] "GET /wp-admin/admin-ajax.php HTTP/1.1" 404 1585 "-" "nmap-nse"
45.142.213.33 - - [30/Jun/2025:16:24:56 +0300] "POST /etc/passwd HTTP/1.1" 500 5483 "-" "x"
185.220.101.42 - - [30/Jun/2025:16:25:02 +0300] "POST /phpMyAdmin/index.php HTTP/1.1" 404 5139 "-" "sqlmap/1.5.2"
185.220.101.42 - - [30/Jun/2025:16:25:09 +0300] "POST /.env HTTP/1.1" 403 753 "-" "a"
203.0.113.195 - - [30/Jun/2025:16:25:22 +0300] "GET /api/users?id=1'UNION SELECT * FROM users-- HTTP/1.1" 404 763 "-" "nikto/2.1.6"
203.0.113.195 - - [30/Jun/2025:16:25:26 +0300] "GET /etc/passwd HTTP/1.1" 403 1650 "-" "nmap-nse"
45.142.213.33 - - [30/Jun/2025:16:25:29 +0300] "GET /etc/passwd HTTP/1.1" 404 2318 "-" "test"
185.220.101.42 - - [30/Jun/2025:16:25:51 +0300] "POST /admin/config.php HTTP/1.1" 404 1976 "-" "test"
203.0.113.195 - - [30/Jun/2025:16:25:59 +0300] "GET /.env HTTP/1.1" 200 873 "-" "x"
203.0.113.195 - - [30/Jun/2025:16:26:13 +0300] "POST /admin/config.php HTTP/1.1" 404 5223 "-" "sqlmap/1.5.2"
185.220.101.42 - - [30/Jun/2025:16:26:17 +0300] "GET /../../../etc/passwd HTTP/1.1" 403 4626 "-" "nikto/2.1.6"
45.142.213.33 - - [30/Jun/2025:16:26:25 +0300] "GET /etc/passwd HTTP/1.1" 500 1777 "-" "nikto/2.1.6"
192.168.1.17 - - [30/Jun/2025:16:26:39 +0300] "GET /api/products HTTP/1.1" 200 2350 "https://www.google.com/" "Mozilla/5.0 (Windows NT 10.0; Win64; x64; rv:89.0) Gecko/20100101 Firefox/89.0"
185.220.101.42 - - [30/Jun/2025:16:26:46 +0300] "POST /admin/config.php HTTP/1.1" 404 4901 "-" "nikto/2.1.6"
203.0.113.195 - - [30/Jun/2025:16:27:10 +0300] "GET /api/users?id=1'UNION SELECT * FROM users-- HTTP/1.1" 200 1664 "-" "test"
203.0.113.195 - - [30/Jun/2025:16:27:12 +0300] "POST /admin/login.php?username=admin'OR'1=1-- HTTP/1.1" 403 5310 "-" "sqlmap/1.5.2"
185.220.101.42 - - [30/Jun/2025:16:27:35 +0300] "GET /../../../etc/passwd HTTP/1.1" 500 2591 "-" "x"
203.0.113.195 - - [30/Jun/2025:16:27:36 +0300] "POST /admin/config.php HTTP/1.1" 500 5084 "-" "sqlmap/1.5.2"
185.220.101.42 - - [30/Jun/2025:16:27:39 +0300] "GET /phpMyAdmin/index.php HTTP/1.1" 404 2078 "-" "test"
203.0.113.195 - - [30/Jun/2025:16:27:43 +0300] "POST /search?q=<script>alert('xss')</script> HTTP/1.1" 403 1767 "-" "nikto/2.1.6"
203.0.113.102 - - [30/Jun/2025:16:27:53 +0300] "GET /products HTTP/1.1" 200 5317 "https://www.google.com/" "Mozilla/5.0 (Windows NT 10.0; Win64; x64; rv:89.0) Gecko/20100101 Firefox/89.0"
203.0.113.195 - - [30/Jun/2025:16:28:03 +0300] "GET /admin/config.php HTTP/1.1" 403 4098 "-" "x"
192.168.1.69 - - [30/Jun/2025:16:28:08 +0300] "GET /about HTTP/1.1" 200 21296 "https://www.google.com/" "Mozilla/5.0 (Macintosh; Intel Mac OS X 10_15_7) AppleWebKit/537.36 (KHTML, like Gecko) Chrome/91.0.4472.124 Safari/537.36"
203.0.113.195 - - [30/Jun/2025:16:28:14 +0300] "GET /admin/config.php HTTP/1.1" 404 4127 "-" "a"
185.220.101.42 - - [30/Jun/2025:16:28:17 +0300] "GET /login.php?redirect=javascript:alert(1) HTTP/1.1" 200 2793 "-" "nmap-nse"
185.220.101.42 - - [30/Jun/2025:16:28:29 +0300] "GET /login.php?redirect=javascript:alert(1) HTTP/1.1" 500 3889 "-" "nmap-nse"
185.220.101.42 - - [30/Jun/2025:16:28:30 +0300] "POST /../../../etc/passwd HTTP/1.1" 404 1116 "-" "sqlmap/1.5.2"
192.168.1.247 - - [30/Jun/2025:16:28:31 +0300] "GET / HTTP/1.1" 200 4249 "https://www.facebook.com/" "Mozilla/5.0 (Windows NT 10.0; Win64; x64; rv:89.0) Gecko/20100101 Firefox/89.0"
45.142.213.33 - - [30/Jun/2025:16:28:44 +0300] "GET /admin/login.php?username=admin'OR'1=1-- HTTP/1.1" 200 2631 "-" "sqlmap/1.5.2"
203.0.113.195 - - [30/Jun/2025:16:28:54 +0300] "GET /api/users?id=1'UNION SELECT * FROM users-- HTTP/1.1" 500 4183 "-" "x"
185.220.101.42 - - [30/Jun/2025:16:28:55 +0300] "GET /admin/config.php HTTP/1.1" 404 4580 "-" "x"
45.142.213.33 - - [30/Jun/2025:16:28:55 +0300] "POST /admin/config.php HTTP/1.1" 403 4787 "-" "sqlmap/1.5.2"
185.220.101.42 - - [30/Jun/2025:16:29:18 +0300] "GET /admin/config.php HTTP/1.1" 200 2996 "-" "sqlmap/1.5.2"
203.0.113.195 - - [30/Jun/2025:16:29:22 +0300] "POST /wp-admin/admin-ajax.php HTTP/1.1" 200 4133 "-" "sqlmap/1.5.2"
203.0.113.195 - - [30/Jun/2025:16:29:40 +0300] "GET /wp-admin/admin-ajax.php HTTP/1.1" 403 3807 "-" "x"
185.220.101.42 - - [30/Jun/2025:16:29:47 +0300] "GET /../../../etc/passwd HTTP/1.1" 500 1902 "-" "nikto/2.1.6"
45.142.213.33 - - [30/Jun/2025:16:29:48 +0300] "GET /wp-admin/admin-ajax.php HTTP/1.1" 200 4952 "-" "nikto/2.1.6"
45.142.213.33 - - [30/Jun/2025:16:29:59 +0300] "POST /../../../etc/passwd HTTP/1.1" 500 2133 "-" "sqlmap/1.5.2"
185.220.101.42 - - [30/Jun/2025:16:30:00 +0300] "GET /admin/config.php HTTP/1.1" 500 3437 "-" "nikto/2.1.6"
45.142.213.33 - - [30/Jun/2025:16:30:21 +0300] "GET /admin/config.php HTTP/1.1" 403 694 "-" "nikto/2.1.6"
192.168.1.40 - - [30/Jun/2025:16:30:22 +0300] "GET / HTTP/1.1" 200 16200 "https://stackoverflow.com/" "Mozilla/5.0 (Windows NT 10.0; Win64; x64) AppleWebKit/537.36 (KHTML, like Gecko) Chrome/91.0.4472.124 Safari/537.36"
185.220.101.42 - - [30/Jun/2025:16:30:24 +0300] "POST /.env HTTP/1.1" 404 1446 "-" "sqlmap/1.5.2"
185.220.101.42 - - [30/Jun/2025:16:30:25 +0300] "POST /login.php?redirect=javascript:alert(1) HTTP/1.1" 403 637 "-" "x"
45.142.213.33 - - [30/Jun/2025:16:30:28 +0300] "POST /.env HTTP/1.1" 404 3840 "-" "a"
185.220.107 - - [30/Jun/2025:16:30:30 +0300] "GET /products HTTP/1.1" 200 10016 "https://example.com/" "Mozilla/5.0 (Windows NT 10.0; Win64; x64; rv:89.0) Gecko/20100101 Firefox/89.0"
198.51.100.229 - - [30/Jun/2025:16:30:47 +0300] "GET /about HTTP/1.1" 200 16800 "https://www.google.com/" "Mozilla/5.0 (Macintosh; Intel Mac OS X 10_15_7) AppleWebKit/537.36 (KHTML, like Gecko) Chrome/91.0.4472.124 Safari/537.36"
185.220.101.42 - - [30/Jun/2025:16:30:53 +0300] "POST /etc/passwd HTTP/1.1" 500 5425 "-" "a"
185.220.101.42 - - [30/Jun/2025:16:30:56 +0300] "GET /wp-admin/admin-ajax.php HTTP/1.1" 500 4051 "-" "sqlmap/1.5.2"
185.220.101.42 - - [30/Jun/2025:16:30:56 +0300] "GET /search?q=<script>alert('xss')</script> HTTP/1.1" 404 2924 "-" "x"
185.220.101.42 - - [30/Jun/2025:16:31:28 +0300] "GET /admin/login.php?username=admin'OR'1=1-- HTTP/1.1" 404 639 "-" "nikto/2.1.6"
185.220.101.42 - - [30/Jun/2025:16:31:45 +0300] "GET /phpMyAdmin/index.php HTTP/1.1" 500 4381 "-" "nmap-nse"
203.0.113.195 - - [30/Jun/2025:16:31:58 +0300] "GET /admin/config.php HTTP/1.1" 500 592 "-" "test"
203.0.113.195 - - [30/Jun/2025:16:32:05 +0300] "GET /login.php?redirect=javascript:alert(1) HTTP/1.1" 403 2284 "-" "sqlmap/1.5.2"
203.0.113.195 - - [30/Jun/2025:16:32:12 +0300] "GET /api/users?id=1'UNION SELECT * FROM users-- HTTP/1.1" 403 1411 "-" "sqlmap/1.5.2"
45.142.213.33 - - [30/Jun/2025:16:32:14 +0300] "GET /wp-admin/admin-ajax.php HTTP/1.1" 403 3890 "-" "nikto/2.1.6"
45.142.213.33 - - [30/Jun/2025:16:32:15 +0300] "GET /phpMyAdmin/index.php HTTP/1.1" 403 1053 "-" "sqlmap/1.5.2"
45.142.213.33 - - [30/Jun/2025:16:32:15 +0300] "GET /etc/passwd HTTP/1.1" 500 1910 "-" "sqlmap/1.5.2"
45.142.213.33 - - [30/Jun/2025:16:32:29 +0300] "GET /wp-admin/admin-ajax.php HTTP/1.1" 404 2583 "-" "x"
45.142.213.33 - - [30/Jun/2025:16:32:31 +0300] "POST /login.php?redirect=javascript:alert(1) HTTP/1.1" 404 3839 "-" "nikto/2.1.6"
185.220.101.42 - - [30/Jun/2025:16:32:36 +0300] "GET /wp-admin/admin-ajax.php HTTP/1.1" 200 763 "-" "nikto/2.1.6"
203.0.113.195 - - [30/Jun/2025:16:32:37 +0300] "GET /admin/login.php?username=admin'OR'1=1-- HTTP/1.1" 404 1993 "-" "nmap-nse"
203.0.113.195 - - [30/Jun/2025:16:32:44 +0300] "POST /wp-admin/admin-ajax.php HTTP/1.1" 404 856 "-" "test"
203.0.113.195 - - [30/Jun/2025:16:32:48 +0300] "GET /phpMyAdmin/index.php HTTP/1.1" 500 5286 "-" "sqlmap/1.5.2"
185.220.101.42 - - [30/Jun/2025:16:33:03 +0300] "GET /../../../etc/passwd HTTP/1.1" 403 1108 "-" "sqlmap/1.5.2"
185.220.101.42 - - [30/Jun/2025:16:33:05 +0300] "GET /../../../etc/passwd HTTP/1.1" 404 2506 "-" "nmap-nse"
185.220.101.42 - - [30/Jun/2025:16:33:37 +0300] "GET /search?q=<script>alert('xss')</script> HTTP/1.1" 403 3716 "-" "nikto/2.1.6"
198.51.100.227 - - [30/Jun/2025:16:33:47 +0300] "GET /api/users HTTP/1.1" 200 4859 "https://www.google.com/" "Mozilla/5.0 (Macintosh; Intel Mac OS X 10_15_7) AppleWebKit/537.36 (KHTML, like Gecko) Chrome/91.0.4472.124 Safari/537.36"
45.142.213.33 - - [30/Jun/2025:16:34:03 +0300] "GET /wp-admin/admin-ajax.php HTTP/1.1" 500 4691 "-" "nmap-nse"
45.142.213.33 - - [30/Jun/2025:16:34:10 +0300] "GET /wp-admin/admin-ajax.php HTTP/1.1" 403 1250 "-" "nikto/2.1.6"
203.0.113.195 - - [30/Jun/2025:16:34:15 +0300] "GET /../../../etc/passwd HTTP/1.1" 500 1942 "-" "sqlmap/1.5.2"
45.142.213.33 - - [30/Jun/2025:16:34:16 +0300] "POST /admin/login.php?username=admin'OR'1=1-- HTTP/1.1" 404 3102 "-" "test"
45.142.213.33 - - [30/Jun/2025:16:34:17 +0300] "GET /../../../etc/passwd HTTP/1.1" 404 3695 "-" "sqlmap/1.5.2"
45.142.213.33 - - [30/Jun/2025:16:34:26 +0300] "GET /search?q=<script>alert('xss')</script> HTTP/1.1" 403 2786 "-" "nmap-nse"
45.142.213.33 - - [30/Jun/2025:16:34:27 +0300] "POST /api/users?id=1'UNION SELECT * FROM users-- HTTP/1.1" 200 1762 "-" "nmap-nse"
203.0.113.195 - - [30/Jun/2025:16:34:29 +0300] "GET /admin/config.php HTTP/1.1" 403 2292 "-" "nmap-nse"
198.51.100.13 - - [30/Jun/2025:16:34:33 +0300] "GET /blog HTTP/1.1" 200 3478 "https://example.com/" "Mozilla/5.0 (Macintosh; Intel Mac OS X 10_15_7) AppleWebKit/537.36 (KHTML, like Gecko) Chrome/91.0.4472.124 Safari/537.36"
203.0.113.195 - - [30/Jun/2025:16:34:34 +0300] "GET /search?q=<script>alert('xss')</script> HTTP/1.1" 404 1703 "-" "test"
203.0.113.195 - - [30/Jun/2025:16:34:37 +0300] "GET /wp-admin/admin-ajax.php HTTP/1.1" 404 2017 "-" "sqlmap/1.5.2"
185.220.101.42 - - [30/Jun/2025:16:34:43 +0300] "GET /search?q=<script>alert('xss')</script> HTTP/1.1" 200 2116 "-" "sqlmap/1.5.2"
192.168.1.56 - - [30/Jun/2025:16:34:45 +0300] "GET /contact HTTP/1.1" 200 7280 "https://www.google.com/" "Mozilla/5.0 (Windows NT 10.0; Win64; x64) AppleWebKit/537.36 (KHTML, like Gecko) Chrome/91.0.4472.124 Safari/537.36"
203.0.113.195 - - [30/Jun/2025:16:34:57 +0300] "POST /admin/config.php HTTP/1.1" 404 3010 "-" "nmap-nse"
45.142.213.33 - - [30/Jun/2025:16:35:08 +0300] "GET /api/users?id=1'UNION SELECT * FROM users-- HTTP/1.1" 403 4804 "-" "sqlmap/1.5.2"
203.0.113.195 - - [30/Jun/2025:16:35:34 +0300] "GET /admin/login.php?username=admin'OR'1=1-- HTTP/1.1" 403 1483 "-" "nmap-nse"
185.220.101.42 - - [30/Jun/2025:16:35:38 +0300] "GET /wp-admin/admin-ajax.php HTTP/1.1" 403 4053 "-" "nmap-nse"
185.220.101.42 - - [30/Jun/2025:16:35:50 +0300] "GET /wp-admin/admin-ajax.php HTTP/1.1" 403 710 "-" "nmap-nse"
203.0.113.195 - - [30/Jun/2025:16:36:02 +0300] "GET /api/users?id=1'UNION SELECT * FROM users-- HTTP/1.1" 200 3630 "-" "nmap-nse"
45.142.213.33 - - [30/Jun/2025:16:36:14 +0300] "GET /login.php?redirect=javascript:alert(1) HTTP/1.1" 403 3427 "-" "sqlmap/1.5.2"
45.142.213.33 - - [30/Jun/2025:16:36:18 +0300] "GET /phpMyAdmin/index.php HTTP/1.1" 404 5327 "-" "sqlmap/1.5.2"
185.220.101.42 - - [30/Jun/2025:16:36:20 +0300] "GET /admin/config.php HTTP/1.1" 200 2598 "-" "nikto/2.1.6"
10.0.0.8 - - [30/Jun/2025:16:36:21 +0300] "GET /api/users HTTP/1.1" 200 7620 "https://www.facebook.com/" "Mozilla/5.0 (Windows NT 10.0; Win64; x64; rv:89.0) Gecko/20100101 Firefox/89.0"
185.220.101.42 - - [30/Jun/2025:16:36:27 +0300] "POST /admin/config.php HTTP/1.1" 404 2035 "-" "sqlmap/1.5.2"
45.142.213.33 - - [30/Jun/2025:16:36:28 +0300] "GET /api/users?id=1'UNION SELECT * FROM users-- HTTP/1.1" 404 1794 "-" "nmap-nse"
45.142.213.33 - - [30/Jun/2025:16:36:29 +0300] "GET /admin/config.php HTTP/1.1" 404 2907 "-" "nmap-nse"
203.0.113.195 - - [30/Jun/2025:16:36:31 +0300] "GET /etc/passwd HTTP/1.1" 403 4713 "-" "sqlmap/1.5.2"
185.220.101.42 - - [30/Jun/2025:16:36:32 +0300] "POST /etc/passwd HTTP/1.1" 404 5224 "-" "nikto/2.1.6"
203.0.113.195 - - [30/Jun/2025:16:36:38 +0300] "GET /api/users?id=1'UNION SELECT * FROM users-- HTTP/1.1" 403 889 "-" "nikto/2.1.6"
185.220.101.42 - - [30/Jun/2025:16:36:44 +0300] "GET /admin/login.php?username=admin'OR'1=1-- HTTP/1.1" 500 679 "-" "sqlmap/1.5.2"
185.220.101.42 - - [30/Jun/2025:16:37:11 +0300] "GET /admin/login.php?username=admin'OR'1=1-- HTTP/1.1" 404 548 "-" "nikto/2.1.6"
45.142.213.33 - - [30/Jun/2025:16:37:25 +0300] "POST /.env HTTP/1.1" 404 1726 "-" "nmap-nse"
203.0.113.195 - - [30/Jun/2025:16:37:25 +0300] "GET /../../../etc/passwd HTTP/1.1" 403 3450 "-" "nikto/2.1.6"
185.220.101.42 - - [30/Jun/2025:16:37:27 +0300] "GET /phpMyAdmin/index.php HTTP/1.1" 404 1756 "-" "x"
203.0.113.195 - - [30/Jun/2025:16:37:28 +0300] "GET /search?q=<script>alert('xss')</script> HTTP/1.1" 404 5488 "-" "nikto/2.1.6"
45.142.213.33 - - [30/Jun/2025:16:37:54 +0300] "GET /etc/passwd HTTP/1.1" 403 1446 "-" "sqlmap/1.5.2"
203.0.113.195 - - [30/Jun/2025:16:38:02 +0300] "GET /wp-admin/admin-ajax.php HTTP/1.1" 404 2408 "-" "nikto/2.1.6"
45.142.213.33 - - [30/Jun/2025:16:38:07 +0300] "GET /wp-admin/admin-ajax.php HTTP/1.1" 500 2378 "-" "nikto/2.1.6"
185.220.101.42 - - [30/Jun/2025:16:38:07 +0300] "GET /wp-admin/admin-ajax.php HTTP/1.1" 403 1536 "-" "x"
185.220.101.42 - - [30/Jun/2025:16:38:13 +0300] "GET /admin/config.php HTTP/1.1" 404 1230 "-" "nmap-nse"
185.220.101.42 - - [30/Jun/2025:16:38:21 +0300] "GET /api/users?id=1'UNION SELECT * FROM users-- HTTP/1.1" 403 980 "-" "sqlmap/1.5.2"
45.142.213.33 - - [30/Jun/2025:16:38:25 +0300] "POST /search?q=<script>alert('xss')</script> HTTP/1.1" 403 4783 "-" "nikto/2.1.6"
185.220.101.42 - - [30/Jun/2025:16:38:30 +0300] "POST /admin/config.php HTTP/1.1" 404 1493 "-" "sqlmap/1.5.2"
185.220.101.42 - - [30/Jun/2025:16:38:33 +0300] "GET /login.php?redirect=javascript:alert(1) HTTP/1.1" 404 2640 "-" "sqlmap/1.5.2"
185.220.101.42 - - [30/Jun/2025:16:38:41 +0300] "GET /admin/config.php HTTP/1.1" 500 4761 "-" "sqlmap/1.5.2"
203.0.113.195 - - [30/Jun/2025:16:38:44 +0300] "GET /admin/config.php HTTP/1.1" 404 5049 "-" "nmap-nse"
172.16.0.22 - - [30/Jun/2025:16:38:59 +0300] "GET /api/products HTTP/1.1" 404 13062 "https://example.com/" "Mozilla/5.0 (iPhone; CPU iPhone OS 14_6 like Mac OS X) AppleWebKit/605.1.15 (KHTML, like Gecko) Version/14.0 Mobile/15E148 Safari/604.1"
192.168.1.3 - - [30/Jun/2025:16:39:02 +0300] "GET /products HTTP/1.1" 200 17907 "https://www.google.com/" "Mozilla/5.0 (Windows NT 10.0; Win64; x64; rv:89.0) Gecko/20100101 Firefox/89.0"
10.0.0.171 - - [30/Jun/2025:16:39:05 +0300] "GET / HTTP/1.1" 404 18011 "https://example.com/" "Mozilla/5.0 (Windows NT 10.0; Win64; x64) AppleWebKit/537.36 (KHTML, like Gecko) Chrome/91.0.4472.124 Safari/537.36"
45.142.213.33 - - [30/Jun/2025:16:39:15 +0300] "GET /wp-admin/admin-ajax.php HTTP/1.1" 500 2478 "-" "nikto/2.1.6"
45.142.213.33 - - [30/Jun/2025:16:39:19 +0300] "GET /search?q=<script>alert('xss')</script> HTTP/1.1" 200 2465 "-" "nikto/2.1.6"
45.142.213.33 - - [30/Jun/2025:16:39:25 +0300] "GET /.env HTTP/1.1" 404 3492 "-" "nikto/2.1.6"
185.220.101.42 - - [30/Jun/2025:16:39:49 +0300] "GET /admin/config.php HTTP/1.1" 403 1314 "-" "nikto/2.1.6"
198.51.100.13 - - [30/Jun/2025:16:39:55 +0300] "GET /api/users HTTP/1.1" 200 14293 "https://www.google.com/" "Mozilla/5.0 (iPhone; CPU iPhone OS 14_6 like Mac OS X) AppleWebKit/605.1.15 (KHTML, like Gecko) Version/14.0 Mobile/15E148 Safari/604.1"
203.0.113.195 - - [30/Jun/2025:16:40:07 +0300] "GET /login.php?redirect=javascript:alert(1) HTTP/1.1" 403 1925 "-" "sqlmap/1.5.2"
203.0.113.195 - - [30/Jun/2025:16:40:12 +0300] "GET /admin/config.php HTTP/1.1" 403 894 "-" "sqlmap/1.5.2"
198.51.100.170 - - [30/Jun/2025:16:40:30 +0300] "GET /blog HTTP/1.1" 200 3515 "https://github.com/" "Mozilla/5.0 (Windows NT 10.0; Win64; x64) AppleWebKit/537.36 (KHTML, like Gecko) Chrome/91.0.4472.124 Safari/537.36"
203.0.113.195 - - [30/Jun/2025:16:40:35 +0300] "GET /search?q=<script>alert('xss')</script> HTTP/1.1" 200 4482 "-" "nikto/2.1.6"
45.142.213.33 - - [30/Jun/2025:16:40:46 +0300] "GET /search?q=<script>alert('xss')</script> HTTP/1.1" 500 656 "-" "nmap-nse"
203.0.113.195 - - [30/Jun/2025:16:40:49 +0300] "GET /.env HTTP/1.1" 403 3367 "-" "nikto/2.1.6"
172.16.0.98 - - [30/Jun/2025:16:40:53 +0300] "GET / HTTP/1.1" 200 17360 "https://www.google.com/" "Mozilla/5.0 (Macintosh; Intel Mac OS X 10_15_7) AppleWebKit/537.36 (KHTML, like Gecko) Chrome/91.0.4472.124 Safari/537.36"
10.0.0.249 - - [30/Jun/2025:16:40:54 +0300] "GET /api/products HTTP/1.1" 200 14971 "https://www.google.com/" "Mozilla/5.0 (Windows NT 10.0; Win64; x64; rv:89.0) Gecko/20100101 Firefox/89.0"
185.220.101.42 - - [30/Jun/2025:16:41:01 +0300] "POST /search?q=<script>alert('xss')</script> HTTP/1.1" 403 2318 "-" "sqlmap/1.5.2"
185.220.101.42 - - [30/Jun/2025:16:41:05 +0300] "POST /search?q=<script>alert('xss')</script> HTTP/1.1" 403 2950 "-" "nikto/2.1.6"
185.220.101.42 - - [30/Jun/2025:16:41:13 +0300] "GET /login.php?redirect=javascript:alert(1) HTTP/1.1" 500 4451 "-" "nmap-nse"
45.142.213.33 - - [30/Jun/2025:16:41:18 +0300] "GET /wp-admin/admin-ajax.php HTTP/1.1" 403 4000 "-" "test"
185.220.101.42 - - [30/Jun/2025:16:41:29 +0300] "GET /wp-admin/admin-ajax.php HTTP/1.1" 404 2647 "-" "nikto/2.1.6"
203.0.113.195 - - [30/Jun/2025:16:41:38 +0300] "GET /admin/config.php HTTP/1.1" 404 774 "-" "x"
192.168.1.150 - - [30/Jun/2025:16:41:48 +0300] "GET /products HTTP/1.1" 200 7176 "https://stackoverflow.com/" "Mozilla/5.0 (Windows NT 10.0; Win64; x64) AppleWebKit/537.36 (KHTML, like Gecko) Chrome/91.0.4472.124 Safari/537.36"
185.220.101.42 - - [30/Jun/2025:16:41:50 +0300] "POST /search?q=<script>alert('xss')</script> HTTP/1.1" 403 1974 "-" "test"
203.0.113.195 - - [30/Jun/2025:16:41:50 +0300] "POST /search?q=<script>alert('xss')</script> HTTP/1.1" 200 4727 "-" "nikto/2.1.6"
185.220.101.42 - - [30/Jun/2025:16:41:50 +0300] "GET /etc/passwd HTTP/1.1" 500 1089 "-" "nikto/2.1.6"
45.142.213.33 - - [30/Jun/2025:16:41:52 +0300] "POST /wp-admin/admin-ajax.php HTTP/1.1" 404 1485 "-" "x"
185.220.101.42 - - [30/Jun/2025:16:42:02 +0300] "GET /admin/config.php HTTP/1.1" 404 3158 "-" "nikto/2.1.6"
45.142.213.33 - - [30/Jun/2025:16:42:09 +0300] "GET /admin/config.php HTTP/1.1" 404 2079 "-" "nmap-nse"
45.142.213.33 - - [30/Jun/2025:16:42:16 +0300] "POST /login.php?redirect=javascript:alert(1) HTTP/1.1" 403 1256 "-" "sqlmap/1.5.2"
10.0.0.1 - - [30/Jun/2025:16:42:17 +0300] "GET /services HTTP/1.1" 200 3990 "https://example.com/" "Mozilla/5.0 (iPhone; CPU iPhone OS 14_6 like Mac OS X) AppleWebKit/605.1.15 (KHTML, like Gecko) Version/14.0 Mobile/15E148 Safari/604.1"
45.142.213.33 - - [30/Jun/2025:16:42:26 +0300] "POST /admin/login.php?username=admin'OR'1=1-- HTTP/1.1" 404 4385 "-" "test"
185.220.101.42 - - [30/Jun/2025:16:42:27 +0300] "GET /admin/config.php HTTP/1.1" 403 4722 "-" "nikto/2.1.6"
185.220.101.42 - - [30/Jun/2025:16:42:31 +0300] "GET /admin/config.php HTTP/1.1" 404 1886 "-" "a"
45.142.213.33 - - [30/Jun/2025:16:42:43 +0300] "GET /api/users?id=1'UNION SELECT * FROM users-- HTTP/1.1" 404 4057 "-" "nikto/2.1.6"
203.0.113.195 - - [30/Jun/2025:16:42:48 +0300] "GET /wp-admin/admin-ajax.php HTTP/1.1" 200 2018 "-" "nikto/2.1.6"
185.220.101.42 - - [30/Jun/2025:16:42:54 +0300] "GET /search?q=<script>alert('xss')</script> HTTP/1.1" 403 5011 "-" "nmap-nse"
203.0.113.195 - - [30/Jun/2025:16:43:01 +0300] "GET /.env HTTP/1.1" 500 980 "-" "sqlmap/1.5.2"
185.220.101.42 - - [30/Jun/2025:16:43:20 +0300] "POST /login.php?redirect=javascript:alert(1) HTTP/1.1" 403 974 "-" "sqlmap/1.5.2"
45.142.213.33 - - [30/Jun/2025:16:43:27 +0300] "POST /admin/login.php?username=admin'OR'1=1-- HTTP/1.1" 500 5096 "-" "sqlmap/1.5.2"
185.220.101.42 - - [30/Jun/2025:16:43:44 +0300] "GET /phpMyAdmin/index.php HTTP/1.1" 500 3580 "-" "nmap-nse"
185.220.101.42 - - [30/Jun/2025:16:43:49 +0300] "GET /wp-admin/admin-ajax.php HTTP/1.1" 403 4084 "-" "nikto/2.1.6"
203.0.113.195 - - [30/Jun/2025:16:43:57 +0300] "GET /.env HTTP/1.1" 404 1617 "-" "sqlmap/1.5.2"
203.0.113.195 - - [30/Jun/2025:16:43:59 +0300] "POST /api/users?id=1'UNION SELECT * FROM users-- HTTP/1.1" 500 2113 "-" "test"
203.0.113.195 - - [30/Jun/2025:16:44:11 +0300] "GET /wp-admin/admin-ajax.php HTTP/1.1" 404 5354 "-" "x"
45.142.213.33 - - [30/Jun/2025:16:44:15 +0300] "POST /admin/config.php HTTP/1.1" 404 4751 "-" "nmap-nse"
203.0.113.195 - - [30/Jun/2025:16:44:17 +0300] "GET /wp-admin/admin-ajax.php HTTP/1.1" 404 1172 "-" "a"
185.220.101.42 - - [30/Jun/2025:16:44:18 +0300] "GET /admin/config.php HTTP/1.1" 500 5128 "-" "nikto/2.1.6"
203.0.113.195 - - [30/Jun/2025:16:44:20 +0300] "GET /api/users?id=1'UNION SELECT * FROM users-- HTTP/1.1" 403 3078 "-" "nmap-nse"
45.142.213.33 - - [30/Jun/2025:16:44:36 +0300] "GET /wp-admin/admin-ajax.php HTTP/1.1" 404 1414 "-" "a"
45.142.213.33 - - [30/Jun/2025:16:44:38 +0300] "GET /.env HTTP/1.1" 403 5391 "-" "nmap-nse"
203.0.113.195 - - [30/Jun/2025:16:44:43 +0300] "POST /.env HTTP/1.1" 403 1060 "-" "sqlmap/1.5.2"
203.0.113.195 - - [30/Jun/2025:16:44:55 +0300] "POST /admin/config.php HTTP/1.1" 500 1429 "-" "nmap-nse"
45.142.213.33 - - [30/Jun/2025:16:45:00 +0300] "POST /../../../etc/passwd HTTP/1.1" 500 5121 "-" "nikto/2.1.6"
185.220.101.42 - - [30/Jun/2025:16:45:10 +0300] "GET /admin/login.php?username=admin'OR'1=1-- HTTP/1.1" 403 5446 "-" "nikto/2.1.6"
185.220.101.42 - - [30/Jun/2025:16:45:13 +0300] "GET /phpMyAdmin/index.php HTTP/1.1" 403 4856 "-" "nikto/2.1.6"
185.220.101.42 - - [30/Jun/2025:16:45:16 +0300] "GET /.env HTTP/1.1" 500 2033 "-" "test"
203.0.113.195 - - [30/Jun/2025:16:45:17 +0300] "GET /.env HTTP/1.1" 403 4447 "-" "nmap-nse"
45.142.213.33 - - [30/Jun/2025:16:45:24 +0300] "POST /admin/config.php HTTP/1.1" 403 3996 "-" "x"
203.0.113.195 - - [30/Jun/2025:16:45:28 +0300] "GET /admin/config.php HTTP/1.1" 403 4086 "-" "nikto/2.1.6"
185.220.101.42 - - [30/Jun/2025:16:45:34 +0300] "GET /phpMyAdmin/index.php HTTP/1.1" 404 1482 "-" "sqlmap/1.5.2"
203.0.113.195 - - [30/Jun/2025:16:45:39 +0300] "GET /../../../etc/passwd HTTP/1.1" 500 4416 "-" "sqlmap/1.5.2"
185.220.101.42 - - [30/Jun/2025:16:45:43 +0300] "GET /../../../etc/passwd HTTP/1.1" 403 3024 "-" "sqlmap/1.5.2"
185.220.101.42 - - [30/Jun/2025:16:45:49 +0300] "GET /api/users?id=1'UNION SELECT * FROM users-- HTTP/1.1" 403 3788 "-" "nikto/2.1.6"
45.142.213.33 - - [30/Jun/2025:16:46:05 +0300] "GET /admin/login.php?username=admin'OR'1=1-- HTTP/1.1" 404 1020 "-" "nmap-nse"
203.0.113.195 - - [30/Jun/2025:16:46:09 +0300] "POST /etc/passwd HTTP/1.1" 403 1000 "-" "sqlmap/1.5.2"
185.220.101.42 - - [30/Jun/2025:16:46:36 +0300] "GET /wp-admin/admin-ajax.php HTTP/1.1" 403 2197 "-" "x"
185.220.101.42 - - [30/Jun/2025:16:46:40 +0300] "GET /api/users?id=1'UNION SELECT * FROM users-- HTTP/1.1" 404 1151 "-" "sqlmap/1.5.2"
185.220.101.42 - - [30/Jun/2025:16:46:41 +0300] "GET /api/users?id=1'UNION SELECT * FROM users-- HTTP/1.1" 404 3279 "-" "nmap-nse"
185.220.101.42 - - [30/Jun/2025:16:46:43 +0300] "GET /admin/config.php HTTP/1.1" 404 3422 "-" "x"
192.168.1.74 - - [30/Jun/2025:16:46:49 +0300] "GET /about HTTP/1.1" 200 4777 "https://example.com/" "Mozilla/5.0 (Macintosh; Intel Mac OS X 10_15_7) AppleWebKit/537.36 (KHTML, like Gecko) Chrome/91.0.4472.124 Safari/537.36"
185.220.101.42 - - [30/Jun/2025:16:46:57 +0300] "GET /wp-admin/admin-ajax.php HTTP/1.1" 404 4350 "-" "a"
185.220.101.42 - - [30/Jun/2025:16:47:05 +0300] "GET /etc/passwd HTTP/1.1" 500 1751 "-" "sqlmap/1.5.2"
185.220.101.42 - - [30/Jun/2025:16:47:06 +0300] "POST /api/users?id=1'UNION SELECT * FROM users-- HTTP/1.1" 404 606 "-" "sqlmap/1.5.2"
45.142.213.33 - - [30/Jun/2025:16:47:24 +0300] "GET /search?q=<script>alert('xss')</script> HTTP/1.1" 403 4263 "-" "sqlmap/1.5.2"
203.0.113.195 - - [30/Jun/2025:16:47:39 +0300] "GET /wp-admin/admin-ajax.php HTTP/1.1" 500 3400 "-" "nmap-nse"
203.0.113.195 - - [30/Jun/2025:16:47:48 +0300] "POST /wp-admin/admin-ajax.php HTTP/1.1" 404 5220 "-" "nikto/2.1.6"
185.220.101.42 - - [30/Jun/2025:16:47:52 +0300] "GET /.env HTTP/1.1" 200 1009 "-" "sqlmap/1.5.2"
203.0.113.195 - - [30/Jun/2025:16:47:55 +0300] "GET /admin/login.php?username=admin'OR'1=1-- HTTP/1.1" 403 5129 "-" "sqlmap/1.5.2"
45.142.213.33 - - [30/Jun/2025:16:47:55 +0300] "POST /admin/config.php HTTP/1.1" 404 3441 "-" "nmap-nse"
45.142.213.33 - - [30/Jun/2025:16:48:03 +0300] "GET /login.php?redirect=javascript:alert(1) HTTP/1.1" 200 707 "-" "nikto/2.1.6"
203.0.113.195 - - [30/Jun/2025:16:48:16 +0300] "GET /login.php?redirect=javascript:alert(1) HTTP/1.1" 403 5470 "-" "nmap-nse"
185.220.101.42 - - [30/Jun/2025:16:48:19 +0300] "GET /wp-admin/admin-ajax.php HTTP/1.1" 403 2883 "-" "sqlmap/1.5.2"
185.220.101.42 - - [30/Jun/2025:16:48:37 +0300] "POST /../../../etc/passwd HTTP/1.1" 403 3122 "-" "sqlmap/1.5.2"
45.142.213.33 - - [30/Jun/2025:16:48:38 +0300] "GET /phpMyAdmin/index.php HTTP/1.1" 403 4375 "-" "nmap-nse"
192.168.1.175 - - [30/Jun/2025:16:48:40 +0300] "GET /services HTTP/1.1" 200 8790 "https://www.google.com/" "Mozilla/5.0 (Macintosh; Intel Mac OS X 10_15_7) AppleWebKit/537.36 (KHTML, like Gecko) Chrome/91.0.4472.124 Safari/537.36"
45.142.213.33 - - [30/Jun/2025:16:48:41 +0300] "GET /search?q=<script>alert('xss')</script> HTTP/1.1" 403 535 "-" "nmap-nse"
203.0.113.195 - - [30/Jun/2025:16:48:51 +0300] "GET /api/users?id=1'UNION SELECT * FROM users-- HTTP/1.1" 404 1630 "-" "test"
203.0.113.195 - - [30/Jun/2025:16:49:00 +0300] "POST /.env HTTP/1.1" 404 2584 "-" "sqlmap/1.5.2"
185.220.101.42 - - [30/Jun/2025:16:49:05 +0300] "GET /../../../etc/passwd HTTP/1.1" 404 5469 "-" "nikto/2.1.6"
185.220.101.42 - - [30/Jun/2025:16:49:05 +0300] "GET /admin/login.php?username=admin'OR'1=1-- HTTP/1.1" 200 2519 "-" "nikto/2.1.6"
185.220.101.42 - - [30/Jun/2025:16:49:05 +0300] "GET /admin/config.php HTTP/1.1" 500 5066 "-" "nmap-nse"
45.142.213.33 - - [30/Jun/2025:16:49:14 +0300] "POST /login.php?redirect=javascript:alert(1) HTTP/1.1" 500 3388 "-" "nikto/2.1.6"
185.220.101.42 - - [30/Jun/2025:16:49:25 +0300] "POST /search?q=<script>alert('xss')</script> HTTP/1.1" 404 3780 "-" "sqlmap/1.5.2"
185.220.101.42 - - [30/Jun/2025:16:49:28 +0300] "GET /login.php?redirect=javascript:alert(1) HTTP/1.1" 403 4456 "-" "nmap-nse"
45.142.213.33 - - [30/Jun/2025:16:49:29 +0300] "GET /phpMyAdmin/index.php HTTP/1.1" 404 5072 "-" "x"
185.220.101.42 - - [30/Jun/2025:16:49:32 +0300] "GET /search?q=<script>alert('xss')</script> HTTP/1.1" 404 3291 "-" "nikto/2.1.6"
203.0.113.195 - - [30/Jun/2025:16:49:33 +0300] "GET /phpMyAdmin/index.php HTTP/1.1" 403 650 "-" "a"
192.168.1.200 - - [30/Jun/2025:16:49:36 +0300] "GET /api/users HTTP/1.1" 200 4809 "https://www.bing.com/" "Mozilla/5.0 (Macintosh; Intel Mac OS X 10_15_7) AppleWebKit/537.36 (KHTML, like Gecko) Chrome/91.0.4472.124 Safari/537.36"
203.0.113.195 - - [30/Jun/2025:16:49:42 +0300] "GET /search?q=<script>alert('xss')</script> HTTP/1.1" 500 1447 "-" "sqlmap/1.5.2"
45.142.213.33 - - [30/Jun/2025:16:49:46 +0300] "GET /etc/passwd HTTP/1.1" 200 1398 "-" "nikto/2.1.6"
45.142.213.33 - - [30/Jun/2025:16:49:58 +0300] "POST /admin/config.php HTTP/1.1" 403 2549 "-" "test"